/home/perrettea/Documents/L3 chambery/spacebee/Space-Bee-main/Equipe1_RucheConnecte_V2/Drivers/CMSIS/Include/core_cm0plus.h:741:22:__NVIC_EnableIRQ	16	static,ignoring_inline_asm
../Src/LORAWAN.c:25:6:LORA_initPortCom	16	static
../Src/LORAWAN.c:52:6:LORA_startPortCom	8	static
../Src/LORAWAN.c:56:6:LORA_stopPortCom	520	static
../Src/LORAWAN.c:63:6:LORAWAN_Join	272	static
../Src/LORAWAN.c:73:6:LORAWAN_Send	312	static
../Src/LORAWAN.c:90:6:UART_send	24	static
../Src/LORAWAN.c:101:6:USART1_IRQHandler	8	static
../Src/LORAWAN.c:116:18:WasReceived	88	static
../Src/LORAWAN.c:161:18:WasReceivedForSend	112	static
../Src/LORAWAN.c:239:6:BufferInit	24	static
../Src/LORAWAN.c:260:9:BufferEmpille	16	static
../Src/LORAWAN.c:279:9:BufferDepille	16	static
../Src/LORAWAN.c:295:6:ReadBuffer	32	static
../Src/LORAWAN.c:325:6:LORAWAN_Inform	280	static
