/home/perrettea/Documents/L3 chambery/spacebee/Space-Bee-main/Equipe1_RucheConnecte_V2/Drivers/CMSIS/Include/core_cm0plus.h:850:22:__NVIC_SetPriority	24	static
/home/perrettea/Documents/L3 chambery/spacebee/Space-Bee-main/Equipe1_RucheConnecte_V2/Drivers/CMSIS/Include/core_cm0plus.h:1056:26:SysTick_Config	16	static
../Src/timer.c:8:6:SYSTICK_Init	8	static
../Src/timer.c:12:6:SYSTICK_Delay	24	static
../Src/timer.c:20:10:SYSTICK_Get	8	static
../Src/timer.c:24:6:TIM2_Init	8	static
../Src/timer.c:33:6:delay_us	16	static
../Src/timer.c:38:6:delay_ms	24	static
